// Vitest Snapshot v1

exports[`mounts 1`] = `
"<div id=\\"app\\"><img alt=\\"Vue logo\\" src=\\"/src/assets/logo.png?import\\">
  <helloworld-stub msg=\\"Hello Vue 2 + TypeScript + Vite\\"></helloworld-stub>
</div>"
`;
